2019-11-18T14:22:39.5902348Z ##[section]Starting: Request a runner to run this job
2019-11-18T14:22:39.6272265Z Requesting a hosted runner in current repository's account/organization with labels: 'ubuntu-16.04', require runner match: True
2019-11-18T14:22:39.7122167Z Labels matched hosted runners has been found, waiting for one of them get assigned for this job.
2019-11-18T14:22:39.7346651Z ##[section]Finishing: Request a runner to run this job
2019-11-18T14:22:46.4568777Z Current runner version: '2.160.2'
2019-11-18T14:22:46.4570317Z Prepare workflow directory
2019-11-18T14:22:46.4794063Z Prepare all required actions
2019-11-18T14:22:46.5686873Z ##[group]Run echo "$GITHUB_CONTEXT"
2019-11-18T14:22:46.5687271Z [36;1mecho "$GITHUB_CONTEXT"[0m
2019-11-18T14:22:47.5907341Z shell: /bin/bash -e {0}
2019-11-18T14:22:47.5907946Z env:
2019-11-18T14:22:47.5922487Z   GITHUB_CONTEXT: {
  "token": "***",
  "ref": "refs/pull/110/merge",
  "sha": "3926aa5fee0559575143228313c7fdd745d3650c",
  "repository": "propalparolnapervom/test_dir",
  "repositoryUrl": "git://github.com/propalparolnapervom/test_dir.git",
  "actor": "propalparolnapervom",
  "workflow": "Auto Approve Workflow",
  "head_ref": "tmp1",
  "base_ref": "master",
  "event_name": "pull_request",
  "event": {
    "action": "opened",
    "number": 110,
    "pull_request": {
      "_links": {
        "comments": {
          "href": "https://api.github.com/repos/propalparolnapervom/test_dir/issues/110/comments"
        },
        "commits": {
          "href": "https://api.github.com/repos/propalparolnapervom/test_dir/pulls/110/commits"
        },
        "html": {
          "href": "https://github.com/propalparolnapervom/test_dir/pull/110"
        },
        "issue": {
          "href": "https://api.github.com/repos/propalparolnapervom/test_dir/issues/110"
        },
        "review_comment": {
          "href": "https://api.github.com/repos/propalparolnapervom/test_dir/pulls/comments{/number}"
        },
        "review_comments": {
          "href": "https://api.github.com/repos/propalparolnapervom/test_dir/pulls/110/comments"
        },
        "self": {
          "href": "https://api.github.com/repos/propalparolnapervom/test_dir/pulls/110"
        },
        "statuses": {
          "href": "https://api.github.com/repos/propalparolnapervom/test_dir/statuses/2a82f59dffaaee50d99bb11ce7ede9010af4afbd"
        }
      },
      "additions": 1,
      "assignee": null,
      "assignees": [],
      "author_association": "OWNER",
      "base": {
        "label": "propalparolnapervom:master",
        "ref": "master",
        "repo": {
          "archive_url": "https://api.github.com/repos/propalparolnapervom/test_dir/{archive_format}{/ref}",
          "archived": false,
          "assignees_url": "https://api.github.com/repos/propalparolnapervom/test_dir/assignees{/user}",
          "blobs_url": "https://api.github.com/repos/propalparolnapervom/test_dir/git/blobs{/sha}",
          "branches_url": "https://api.github.com/repos/propalparolnapervom/test_dir/branches{/branch}",
          "clone_url": "https://github.com/propalparolnapervom/test_dir.git",
          "collaborators_url": "https://api.github.com/repos/propalparolnapervom/test_dir/collaborators{/collaborator}",
          "comments_url": "https://api.github.com/repos/propalparolnapervom/test_dir/comments{/number}",
          "commits_url": "https://api.github.com/repos/propalparolnapervom/test_dir/commits{/sha}",
          "compare_url": "https://api.github.com/repos/propalparolnapervom/test_dir/compare/{base}...{head}",
          "contents_url": "https://api.github.com/repos/propalparolnapervom/test_dir/contents/{+path}",
          "contributors_url": "https://api.github.com/repos/propalparolnapervom/test_dir/contributors",
          "created_at": "2018-07-14T20:09:58Z",
          "default_branch": "master",
          "deployments_url": "https://api.github.com/repos/propalparolnapervom/test_dir/deployments",
          "description": null,
          "disabled": false,
          "downloads_url": "https://api.github.com/repos/propalparolnapervom/test_dir/downloads",
          "events_url": "https://api.github.com/repos/propalparolnapervom/test_dir/events",
          "fork": false,
          "forks": 0,
          "forks_count": 0,
          "forks_url": "https://api.github.com/repos/propalparolnapervom/test_dir/forks",
          "full_name": "propalparolnapervom/test_dir",
          "git_commits_url": "https://api.github.com/repos/propalparolnapervom/test_dir/git/commits{/sha}",
          "git_refs_url": "https://api.github.com/repos/propalparolnapervom/test_dir/git/refs{/sha}",
          "git_tags_url": "https://api.github.com/repos/propalparolnapervom/test_dir/git/tags{/sha}",
          "git_url": "git://github.com/propalparolnapervom/test_dir.git",
          "has_downloads": true,
          "has_issues": true,
          "has_pages": false,
          "has_projects": true,
          "has_wiki": true,
          "homepage": null,
          "hooks_url": "https://api.github.com/repos/propalparolnapervom/test_dir/hooks",
          "html_url": "https://github.com/propalparolnapervom/test_dir",
          "id": 140974907,
          "issue_comment_url": "https://api.github.com/repos/propalparolnapervom/test_dir/issues/comments{/number}",
          "issue_events_url": "https://api.github.com/repos/propalparolnapervom/test_dir/issues/events{/number}",
          "issues_url": "https://api.github.com/repos/propalparolnapervom/test_dir/issues{/number}",
          "keys_url": "https://api.github.com/repos/propalparolnapervom/test_dir/keys{/key_id}",
          "labels_url": "https://api.github.com/repos/propalparolnapervom/test_dir/labels{/name}",
          "language": "Shell",
          "languages_url": "https://api.github.com/repos/propalparolnapervom/test_dir/languages",
          "license": null,
          "merges_url": "https://api.github.com/repos/propalparolnapervom/test_dir/merges",
          "milestones_url": "https://api.github.com/repos/propalparolnapervom/test_dir/milestones{/number}",
          "mirror_url": null,
          "name": "test_dir",
          "node_id": "MDEwOlJlcG9zaXRvcnkxNDA5NzQ5MDc=",
          "notifications_url": "https://api.github.com/repos/propalparolnapervom/test_dir/notifications{?since,all,participating}",
          "open_issues": 1,
          "open_issues_count": 1,
          "owner": {
            "avatar_url": "https://avatars2.githubusercontent.com/u/37516081?v=4",
            "events_url": "https://api.github.com/users/propalparolnapervom/events{/privacy}",
            "followers_url": "https://api.github.com/users/propalparolnapervom/followers",
            "following_url": "https://api.github.com/users/propalparolnapervom/following{/other_user}",
            "gists_url": "https://api.github.com/users/propalparolnapervom/gists{/gist_id}",
            "gravatar_id": "",
            "html_url": "https://github.com/propalparolnapervom",
            "id": 37516081,
            "login": "propalparolnapervom",
            "node_id": "MDQ6VXNlcjM3NTE2MDgx",
            "organizations_url": "https://api.github.com/users/propalparolnapervom/orgs",
            "received_events_url": "https://api.github.com/users/propalparolnapervom/received_events",
            "repos_url": "https://api.github.com/users/propalparolnapervom/repos",
            "site_admin": false,
            "starred_url": "https://api.github.com/users/propalparolnapervom/starred{/owner}{/repo}",
            "subscriptions_url": "https://api.github.com/users/propalparolnapervom/subscriptions",
            "type": "User",
            "url": "https://api.github.com/users/propalparolnapervom"
          },
          "private": false,
          "pulls_url": "https://api.github.com/repos/propalparolnapervom/test_dir/pulls{/number}",
          "pushed_at": "2019-11-18T14:22:19Z",
          "releases_url": "https://api.github.com/repos/propalparolnapervom/test_dir/releases{/id}",
          "size": 76,
          "ssh_url": "git@github.com:propalparolnapervom/test_dir.git",
          "stargazers_count": 0,
          "stargazers_url": "https://api.github.com/repos/propalparolnapervom/test_dir/stargazers",
          "statuses_url": "https://api.github.com/repos/propalparolnapervom/test_dir/statuses/{sha}",
          "subscribers_url": "https://api.github.com/repos/propalparolnapervom/test_dir/subscribers",
          "subscription_url": "https://api.github.com/repos/propalparolnapervom/test_dir/subscription",
          "svn_url": "https://github.com/propalparolnapervom/test_dir",
          "tags_url": "https://api.github.com/repos/propalparolnapervom/test_dir/tags",
          "teams_url": "https://api.github.com/repos/propalparolnapervom/test_dir/teams",
          "trees_url": "https://api.github.com/repos/propalparolnapervom/test_dir/git/trees{/sha}",
          "updated_at": "2019-11-18T14:21:37Z",
          "url": "https://api.github.com/repos/propalparolnapervom/test_dir",
          "watchers": 0,
          "watchers_count": 0
        },
        "sha": "328dd7645d9d86781b7cf5ca006205da3dce17fc",
        "user": {
          "avatar_url": "https://avatars2.githubusercontent.com/u/37516081?v=4",
          "events_url": "https://api.github.com/users/propalparolnapervom/events{/privacy}",
          "followers_url": "https://api.github.com/users/propalparolnapervom/followers",
          "following_url": "https://api.github.com/users/propalparolnapervom/following{/other_user}",
          "gists_url": "https://api.github.com/users/propalparolnapervom/gists{/gist_id}",
          "gravatar_id": "",
          "html_url": "https://github.com/propalparolnapervom",
          "id": 37516081,
          "login": "propalparolnapervom",
          "node_id": "MDQ6VXNlcjM3NTE2MDgx",
          "organizations_url": "https://api.github.com/users/propalparolnapervom/orgs",
          "received_events_url": "https://api.github.com/users/propalparolnapervom/received_events",
          "repos_url": "https://api.github.com/users/propalparolnapervom/repos",
          "site_admin": false,
          "starred_url": "https://api.github.com/users/propalparolnapervom/starred{/owner}{/repo}",
          "subscriptions_url": "https://api.github.com/users/propalparolnapervom/subscriptions",
          "type": "User",
          "url": "https://api.github.com/users/propalparolnapervom"
        }
      },
      "body": "",
      "changed_files": 1,
      "closed_at": null,
      "comments": 0,
      "comments_url": "https://api.github.com/repos/propalparolnapervom/test_dir/issues/110/comments",
      "commits": 1,
      "commits_url": "https://api.github.com/repos/propalparolnapervom/test_dir/pulls/110/commits",
      "created_at": "2019-11-18T14:22:28Z",
      "deletions": 1,
      "diff_url": "https://github.com/propalparolnapervom/test_dir/pull/110.diff",
      "draft": false,
      "head": {
        "label": "propalparolnapervom:tmp1",
        "ref": "tmp1",
        "repo": {
          "archive_url": "https://api.github.com/repos/propalparolnapervom/test_dir/{archive_format}{/ref}",
          "archived": false,
          "assignees_url": "https://api.github.com/repos/propalparolnapervom/test_dir/assignees{/user}",
          "blobs_url": "https://api.github.com/repos/propalparolnapervom/test_dir/git/blobs{/sha}",
          "branches_url": "https://api.github.com/repos/propalparolnapervom/test_dir/branches{/branch}",
          "clone_url": "https://github.com/propalparolnapervom/test_dir.git",
          "collaborators_url": "https://api.github.com/repos/propalparolnapervom/test_dir/collaborators{/collaborator}",
          "comments_url": "https://api.github.com/repos/propalparolnapervom/test_dir/comments{/number}",
          "commits_url": "https://api.github.com/repos/propalparolnapervom/test_dir/commits{/sha}",
          "compare_url": "https://api.github.com/repos/propalparolnapervom/test_dir/compare/{base}...{head}",
          "contents_url": "https://api.github.com/repos/propalparolnapervom/test_dir/contents/{+path}",
          "contributors_url": "https://api.github.com/repos/propalparolnapervom/test_dir/contributors",
          "created_at": "2018-07-14T20:09:58Z",
          "default_branch": "master",
          "deployments_url": "https://api.github.com/repos/propalparolnapervom/test_dir/deployments",
          "description": null,
          "disabled": false,
          "downloads_url": "https://api.github.com/repos/propalparolnapervom/test_dir/downloads",
          "events_url": "https://api.github.com/repos/propalparolnapervom/test_dir/events",
          "fork": false,
          "forks": 0,
          "forks_count": 0,
          "forks_url": "https://api.github.com/repos/propalparolnapervom/test_dir/forks",
          "full_name": "propalparolnapervom/test_dir",
          "git_commits_url": "https://api.github.com/repos/propalparolnapervom/test_dir/git/commits{/sha}",
          "git_refs_url": "https://api.github.com/repos/propalparolnapervom/test_dir/git/refs{/sha}",
          "git_tags_url": "https://api.github.com/repos/propalparolnapervom/test_dir/git/tags{/sha}",
          "git_url": "git://github.com/propalparolnapervom/test_dir.git",
          "has_downloads": true,
          "has_issues": true,
          "has_pages": false,
          "has_projects": true,
          "has_wiki": true,
          "homepage": null,
          "hooks_url": "https://api.github.com/repos/propalparolnapervom/test_dir/hooks",
          "html_url": "https://github.com/propalparolnapervom/test_dir",
          "id": 140974907,
          "issue_comment_url": "https://api.github.com/repos/propalparolnapervom/test_dir/issues/comments{/number}",
          "issue_events_url": "https://api.github.com/repos/propalparolnapervom/test_dir/issues/events{/number}",
          "issues_url": "https://api.github.com/repos/propalparolnapervom/test_dir/issues{/number}",
          "keys_url": "https://api.github.com/repos/propalparolnapervom/test_dir/keys{/key_id}",
          "labels_url": "https://api.github.com/repos/propalparolnapervom/test_dir/labels{/name}",
          "language": "Shell",
          "languages_url": "https://api.github.com/repos/propalparolnapervom/test_dir/languages",
          "license": null,
          "merges_url": "https://api.github.com/repos/propalparolnapervom/test_dir/merges",
          "milestones_url": "https://api.github.com/repos/propalparolnapervom/test_dir/milestones{/number}",
          "mirror_url": null,
          "name": "test_dir",
          "node_id": "MDEwOlJlcG9zaXRvcnkxNDA5NzQ5MDc=",
          "notifications_url": "https://api.github.com/repos/propalparolnapervom/test_dir/notifications{?since,all,participating}",
          "open_issues": 1,
          "open_issues_count": 1,
          "owner": {
            "avatar_url": "https://avatars2.githubusercontent.com/u/37516081?v=4",
            "events_url": "https://api.github.com/users/propalparolnapervom/events{/privacy}",
            "followers_url": "https://api.github.com/users/propalparolnapervom/followers",
            "following_url": "https://api.github.com/users/propalparolnapervom/following{/other_user}",
            "gists_url": "https://api.github.com/users/propalparolnapervom/gists{/gist_id}",
            "gravatar_id": "",
            "html_url": "https://github.com/propalparolnapervom",
            "id": 37516081,
            "login": "propalparolnapervom",
            "node_id": "MDQ6VXNlcjM3NTE2MDgx",
            "organizations_url": "https://api.github.com/users/propalparolnapervom/orgs",
            "received_events_url": "https://api.github.com/users/propalparolnapervom/received_events",
            "repos_url": "https://api.github.com/users/propalparolnapervom/repos",
            "site_admin": false,
            "starred_url": "https://api.github.com/users/propalparolnapervom/starred{/owner}{/repo}",
            "subscriptions_url": "https://api.github.com/users/propalparolnapervom/subscriptions",
            "type": "User",
            "url": "https://api.github.com/users/propalparolnapervom"
          },
          "private": false,
          "pulls_url": "https://api.github.com/repos/propalparolnapervom/test_dir/pulls{/number}",
          "pushed_at": "2019-11-18T14:22:19Z",
          "releases_url": "https://api.github.com/repos/propalparolnapervom/test_dir/releases{/id}",
          "size": 76,
          "ssh_url": "git@github.com:propalparolnapervom/test_dir.git",
          "stargazers_count": 0,
          "stargazers_url": "https://api.github.com/repos/propalparolnapervom/test_dir/stargazers",
          "statuses_url": "https://api.github.com/repos/propalparolnapervom/test_dir/statuses/{sha}",
          "subscribers_url": "https://api.github.com/repos/propalparolnapervom/test_dir/subscribers",
          "subscription_url": "https://api.github.com/repos/propalparolnapervom/test_dir/subscription",
          "svn_url": "https://github.com/propalparolnapervom/test_dir",
          "tags_url": "https://api.github.com/repos/propalparolnapervom/test_dir/tags",
          "teams_url": "https://api.github.com/repos/propalparolnapervom/test_dir/teams",
          "trees_url": "https://api.github.com/repos/propalparolnapervom/test_dir/git/trees{/sha}",
          "updated_at": "2019-11-18T14:21:37Z",
          "url": "https://api.github.com/repos/propalparolnapervom/test_dir",
          "watchers": 0,
          "watchers_count": 0
        },
        "sha": "2a82f59dffaaee50d99bb11ce7ede9010af4afbd",
        "user": {
          "avatar_url": "https://avatars2.githubusercontent.com/u/37516081?v=4",
          "events_url": "https://api.github.com/users/propalparolnapervom/events{/privacy}",
          "followers_url": "https://api.github.com/users/propalparolnapervom/followers",
          "following_url": "https://api.github.com/users/propalparolnapervom/following{/other_user}",
          "gists_url": "https://api.github.com/users/propalparolnapervom/gists{/gist_id}",
          "gravatar_id": "",
          "html_url": "https://github.com/propalparolnapervom",
          "id": 37516081,
          "login": "propalparolnapervom",
          "node_id": "MDQ6VXNlcjM3NTE2MDgx",
          "organizations_url": "https://api.github.com/users/propalparolnapervom/orgs",
          "received_events_url": "https://api.github.com/users/propalparolnapervom/received_events",
          "repos_url": "https://api.github.com/users/propalparolnapervom/repos",
          "site_admin": false,
          "starred_url": "https://api.github.com/users/propalparolnapervom/starred{/owner}{/repo}",
          "subscriptions_url": "https://api.github.com/users/propalparolnapervom/subscriptions",
          "type": "User",
          "url": "https://api.github.com/users/propalparolnapervom"
        }
      },
      "html_url": "https://github.com/propalparolnapervom/test_dir/pull/110",
      "id": 342181096,
      "issue_url": "https://api.github.com/repos/propalparolnapervom/test_dir/issues/110",
      "labels": [],
      "locked": false,
      "maintainer_can_modify": false,
      "merge_commit_sha": null,
      "mergeable": null,
      "mergeable_state": "unknown",
      "merged": false,
      "merged_at": null,
      "merged_by": null,
      "milestone": null,
      "node_id": "MDExOlB1bGxSZXF1ZXN0MzQyMTgxMDk2",
      "number": 110,
      "patch_url": "https://github.com/propalparolnapervom/test_dir/pull/110.patch",
      "rebaseable": null,
      "requested_reviewers": [],
      "requested_teams": [],
      "review_comment_url": "https://api.github.com/repos/propalparolnapervom/test_dir/pulls/comments{/number}",
      "review_comments": 0,
      "review_comments_url": "https://api.github.com/repos/propalparolnapervom/test_dir/pulls/110/comments",
      "state": "open",
      "statuses_url": "https://api.github.com/repos/propalparolnapervom/test_dir/statuses/2a82f59dffaaee50d99bb11ce7ede9010af4afbd",
      "title": "tmp1",
      "updated_at": "2019-11-18T14:22:28Z",
      "url": "https://api.github.com/repos/propalparolnapervom/test_dir/pulls/110",
      "user": {
        "avatar_url": "https://avatars2.githubusercontent.com/u/37516081?v=4",
        "events_url": "https://api.github.com/users/propalparolnapervom/events{/privacy}",
        "followers_url": "https://api.github.com/users/propalparolnapervom/followers",
        "following_url": "https://api.github.com/users/propalparolnapervom/following{/other_user}",
        "gists_url": "https://api.github.com/users/propalparolnapervom/gists{/gist_id}",
        "gravatar_id": "",
        "html_url": "https://github.com/propalparolnapervom",
        "id": 37516081,
        "login": "propalparolnapervom",
        "node_id": "MDQ6VXNlcjM3NTE2MDgx",
        "organizations_url": "https://api.github.com/users/propalparolnapervom/orgs",
        "received_events_url": "https://api.github.com/users/propalparolnapervom/received_events",
        "repos_url": "https://api.github.com/users/propalparolnapervom/repos",
        "site_admin": false,
        "starred_url": "https://api.github.com/users/propalparolnapervom/starred{/owner}{/repo}",
        "subscriptions_url": "https://api.github.com/users/propalparolnapervom/subscriptions",
        "type": "User",
        "url": "https://api.github.com/users/propalparolnapervom"
      }
    },
    "repository": {
      "archive_url": "https://api.github.com/repos/propalparolnapervom/test_dir/{archive_format}{/ref}",
      "archived": false,
      "assignees_url": "https://api.github.com/repos/propalparolnapervom/test_dir/assignees{/user}",
      "blobs_url": "https://api.github.com/repos/propalparolnapervom/test_dir/git/blobs{/sha}",
      "branches_url": "https://api.github.com/repos/propalparolnapervom/test_dir/branches{/branch}",
      "clone_url": "https://github.com/propalparolnapervom/test_dir.git",
      "collaborators_url": "https://api.github.com/repos/propalparolnapervom/test_dir/collaborators{/collaborator}",
      "comments_url": "https://api.github.com/repos/propalparolnapervom/test_dir/comments{/number}",
      "commits_url": "https://api.github.com/repos/propalparolnapervom/test_dir/commits{/sha}",
      "compare_url": "https://api.github.com/repos/propalparolnapervom/test_dir/compare/{base}...{head}",
      "contents_url": "https://api.github.com/repos/propalparolnapervom/test_dir/contents/{+path}",
      "contributors_url": "https://api.github.com/repos/propalparolnapervom/test_dir/contributors",
      "created_at": "2018-07-14T20:09:58Z",
      "default_branch": "master",
      "deployments_url": "https://api.github.com/repos/propalparolnapervom/test_dir/deployments",
      "description": null,
      "disabled": false,
      "downloads_url": "https://api.github.com/repos/propalparolnapervom/test_dir/downloads",
      "events_url": "https://api.github.com/repos/propalparolnapervom/test_dir/events",
      "fork": false,
      "forks": 0,
      "forks_count": 0,
      "forks_url": "https://api.github.com/repos/propalparolnapervom/test_dir/forks",
      "full_name": "propalparolnapervom/test_dir",
      "git_commits_url": "https://api.github.com/repos/propalparolnapervom/test_dir/git/commits{/sha}",
      "git_refs_url": "https://api.github.com/repos/propalparolnapervom/test_dir/git/refs{/sha}",
      "git_tags_url": "https://api.github.com/repos/propalparolnapervom/test_dir/git/tags{/sha}",
      "git_url": "git://github.com/propalparolnapervom/test_dir.git",
      "has_downloads": true,
      "has_issues": true,
      "has_pages": false,
      "has_projects": true,
      "has_wiki": true,
      "homepage": null,
      "hooks_url": "https://api.github.com/repos/propalparolnapervom/test_dir/hooks",
      "html_url": "https://github.com/propalparolnapervom/test_dir",
      "id": 140974907,
      "issue_comment_url": "https://api.github.com/repos/propalparolnapervom/test_dir/issues/comments{/number}",
      "issue_events_url": "https://api.github.com/repos/propalparolnapervom/test_dir/issues/events{/number}",
      "issues_url": "https://api.github.com/repos/propalparolnapervom/test_dir/issues{/number}",
      "keys_url": "https://api.github.com/repos/propalparolnapervom/test_dir/keys{/key_id}",
      "labels_url": "https://api.github.com/repos/propalparolnapervom/test_dir/labels{/name}",
      "language": "Shell",
      "languages_url": "https://api.github.com/repos/propalparolnapervom/test_dir/languages",
      "license": null,
      "merges_url": "https://api.github.com/repos/propalparolnapervom/test_dir/merges",
      "milestones_url": "https://api.github.com/repos/propalparolnapervom/test_dir/milestones{/number}",
      "mirror_url": null,
      "name": "test_dir",
      "node_id": "MDEwOlJlcG9zaXRvcnkxNDA5NzQ5MDc=",
      "notifications_url": "https://api.github.com/repos/propalparolnapervom/test_dir/notifications{?since,all,participating}",
      "open_issues": 1,
      "open_issues_count": 1,
      "owner": {
        "avatar_url": "https://avatars2.githubusercontent.com/u/37516081?v=4",
        "events_url": "https://api.github.com/users/propalparolnapervom/events{/privacy}",
        "followers_url": "https://api.github.com/users/propalparolnapervom/followers",
        "following_url": "https://api.github.com/users/propalparolnapervom/following{/other_user}",
        "gists_url": "https://api.github.com/users/propalparolnapervom/gists{/gist_id}",
        "gravatar_id": "",
        "html_url": "https://github.com/propalparolnapervom",
        "id": 37516081,
        "login": "propalparolnapervom",
        "node_id": "MDQ6VXNlcjM3NTE2MDgx",
        "organizations_url": "https://api.github.com/users/propalparolnapervom/orgs",
        "received_events_url": "https://api.github.com/users/propalparolnapervom/received_events",
        "repos_url": "https://api.github.com/users/propalparolnapervom/repos",
        "site_admin": false,
        "starred_url": "https://api.github.com/users/propalparolnapervom/starred{/owner}{/repo}",
        "subscriptions_url": "https://api.github.com/users/propalparolnapervom/subscriptions",
        "type": "User",
        "url": "https://api.github.com/users/propalparolnapervom"
      },
      "private": false,
      "pulls_url": "https://api.github.com/repos/propalparolnapervom/test_dir/pulls{/number}",
      "pushed_at": "2019-11-18T14:22:19Z",
      "releases_url": "https://api.github.com/repos/propalparolnapervom/test_dir/releases{/id}",
      "size": 76,
      "ssh_url": "git@github.com:propalparolnapervom/test_dir.git",
      "stargazers_count": 0,
      "stargazers_url": "https://api.github.com/repos/propalparolnapervom/test_dir/stargazers",
      "statuses_url": "https://api.github.com/repos/propalparolnapervom/test_dir/statuses/{sha}",
      "subscribers_url": "https://api.github.com/repos/propalparolnapervom/test_dir/subscribers",
      "subscription_url": "https://api.github.com/repos/propalparolnapervom/test_dir/subscription",
      "svn_url": "https://github.com/propalparolnapervom/test_dir",
      "tags_url": "https://api.github.com/repos/propalparolnapervom/test_dir/tags",
      "teams_url": "https://api.github.com/repos/propalparolnapervom/test_dir/teams",
      "trees_url": "https://api.github.com/repos/propalparolnapervom/test_dir/git/trees{/sha}",
      "updated_at": "2019-11-18T14:21:37Z",
      "url": "https://api.github.com/repos/propalparolnapervom/test_dir",
      "watchers": 0,
      "watchers_count": 0
    },
    "sender": {
      "avatar_url": "https://avatars2.githubusercontent.com/u/37516081?v=4",
      "events_url": "https://api.github.com/users/propalparolnapervom/events{/privacy}",
      "followers_url": "https://api.github.com/users/propalparolnapervom/followers",
      "following_url": "https://api.github.com/users/propalparolnapervom/following{/other_user}",
      "gists_url": "https://api.github.com/users/propalparolnapervom/gists{/gist_id}",
      "gravatar_id": "",
      "html_url": "https://github.com/propalparolnapervom",
      "id": 37516081,
      "login": "propalparolnapervom",
      "node_id": "MDQ6VXNlcjM3NTE2MDgx",
      "organizations_url": "https://api.github.com/users/propalparolnapervom/orgs",
      "received_events_url": "https://api.github.com/users/propalparolnapervom/received_events",
      "repos_url": "https://api.github.com/users/propalparolnapervom/repos",
      "site_admin": false,
      "starred_url": "https://api.github.com/users/propalparolnapervom/starred{/owner}{/repo}",
      "subscriptions_url": "https://api.github.com/users/propalparolnapervom/subscriptions",
      "type": "User",
      "url": "https://api.github.com/users/propalparolnapervom"
    }
  },
  "workspace": "/home/runner/work/test_dir/test_dir",
  "action": "run1",
  "event_path": "/home/runner/work/_temp/_github_workflow/event.json"
}
2019-11-18T14:22:47.5935041Z ##[endgroup]
2019-11-18T14:22:47.6171273Z {
2019-11-18T14:22:47.6171998Z   "token": "***",
2019-11-18T14:22:47.6172168Z   "ref": "refs/pull/110/merge",
2019-11-18T14:22:47.6172308Z   "sha": "3926aa5fee0559575143228313c7fdd745d3650c",
2019-11-18T14:22:47.6172452Z   "repository": "propalparolnapervom/test_dir",
2019-11-18T14:22:47.6172790Z   "repositoryUrl": "git://github.com/propalparolnapervom/test_dir.git",
2019-11-18T14:22:47.6173013Z   "actor": "propalparolnapervom",
2019-11-18T14:22:47.6173161Z   "workflow": "Auto Approve Workflow",
2019-11-18T14:22:47.6173295Z   "head_ref": "tmp1",
2019-11-18T14:22:47.6173407Z   "base_ref": "master",
2019-11-18T14:22:47.6173539Z   "event_name": "pull_request",
2019-11-18T14:22:47.6173670Z   "event": {
2019-11-18T14:22:47.6173784Z     "action": "opened",
2019-11-18T14:22:47.6173913Z     "number": 110,
2019-11-18T14:22:47.6174041Z     "pull_request": {
2019-11-18T14:22:47.6174168Z       "_links": {
2019-11-18T14:22:47.6174279Z         "comments": {
2019-11-18T14:22:47.6174481Z           "href": "https://api.github.com/repos/propalparolnapervom/test_dir/issues/110/comments"
2019-11-18T14:22:47.6174654Z         },
2019-11-18T14:22:47.6174782Z         "commits": {
2019-11-18T14:22:47.6174928Z           "href": "https://api.github.com/repos/propalparolnapervom/test_dir/pulls/110/commits"
2019-11-18T14:22:47.6175109Z         },
2019-11-18T14:22:47.6175239Z         "html": {
2019-11-18T14:22:47.6175400Z           "href": "https://github.com/propalparolnapervom/test_dir/pull/110"
2019-11-18T14:22:47.6175543Z         },
2019-11-18T14:22:47.6175673Z         "issue": {
2019-11-18T14:22:47.6175835Z           "href": "https://api.github.com/repos/propalparolnapervom/test_dir/issues/110"
2019-11-18T14:22:47.6176432Z         },
2019-11-18T14:22:47.6176567Z         "review_comment": {
2019-11-18T14:22:47.6176769Z           "href": "https://api.github.com/repos/propalparolnapervom/test_dir/pulls/comments{/number}"
2019-11-18T14:22:47.6176955Z         },
2019-11-18T14:22:47.6177096Z         "review_comments": {
2019-11-18T14:22:47.6177276Z           "href": "https://api.github.com/repos/propalparolnapervom/test_dir/pulls/110/comments"
2019-11-18T14:22:47.6177444Z         },
2019-11-18T14:22:47.6177586Z         "self": {
2019-11-18T14:22:47.6177758Z           "href": "https://api.github.com/repos/propalparolnapervom/test_dir/pulls/110"
2019-11-18T14:22:47.6177952Z         },
2019-11-18T14:22:47.6178075Z         "statuses": {
2019-11-18T14:22:47.6178268Z           "href": "https://api.github.com/repos/propalparolnapervom/test_dir/statuses/2a82f59dffaaee50d99bb11ce7ede9010af4afbd"
2019-11-18T14:22:47.6178460Z         }
2019-11-18T14:22:47.6178602Z       },
2019-11-18T14:22:47.6178726Z       "additions": 1,
2019-11-18T14:22:47.6178867Z       "assignee": null,
2019-11-18T14:22:47.6179009Z       "assignees": [],
2019-11-18T14:22:47.6179151Z       "author_association": "OWNER",
2019-11-18T14:22:47.6179282Z       "base": {
2019-11-18T14:22:47.6179428Z         "label": "propalparolnapervom:master",
2019-11-18T14:22:47.6179576Z         "ref": "master",
2019-11-18T14:22:47.6179703Z         "repo": {
2019-11-18T14:22:47.6180198Z           "archive_url": "https://api.github.com/repos/propalparolnapervom/test_dir/{archive_format}{/ref}",
2019-11-18T14:22:47.6180367Z           "archived": false,
2019-11-18T14:22:47.6180535Z           "assignees_url": "https://api.github.com/repos/propalparolnapervom/test_dir/assignees{/user}",
2019-11-18T14:22:47.6180749Z           "blobs_url": "https://api.github.com/repos/propalparolnapervom/test_dir/git/blobs{/sha}",
2019-11-18T14:22:47.6181193Z           "branches_url": "https://api.github.com/repos/propalparolnapervom/test_dir/branches{/branch}",
2019-11-18T14:22:47.6181376Z           "clone_url": "https://github.com/propalparolnapervom/test_dir.git",
2019-11-18T14:22:47.6181822Z           "collaborators_url": "https://api.github.com/repos/propalparolnapervom/test_dir/collaborators{/collaborator}",
2019-11-18T14:22:47.6182019Z           "comments_url": "https://api.github.com/repos/propalparolnapervom/test_dir/comments{/number}",
2019-11-18T14:22:47.6182191Z           "commits_url": "https://api.github.com/repos/propalparolnapervom/test_dir/commits{/sha}",
2019-11-18T14:22:47.6182628Z           "compare_url": "https://api.github.com/repos/propalparolnapervom/test_dir/compare/{base}...{head}",
2019-11-18T14:22:47.6183193Z           "contents_url": "https://api.github.com/repos/propalparolnapervom/test_dir/contents/{+path}",
2019-11-18T14:22:47.6183484Z           "contributors_url": "https://api.github.com/repos/propalparolnapervom/test_dir/contributors",
2019-11-18T14:22:47.6184273Z           "created_at": "2018-07-14T20:09:58Z",
2019-11-18T14:22:47.6184407Z           "default_branch": "master",
2019-11-18T14:22:47.6184586Z           "deployments_url": "https://api.github.com/repos/propalparolnapervom/test_dir/deployments",
2019-11-18T14:22:47.6184916Z           "description": null,
2019-11-18T14:22:47.6185215Z           "disabled": false,
2019-11-18T14:22:47.6185355Z           "downloads_url": "https://api.github.com/repos/propalparolnapervom/test_dir/downloads",
2019-11-18T14:22:47.6186510Z           "events_url": "https://api.github.com/repos/propalparolnapervom/test_dir/events",
2019-11-18T14:22:47.6186715Z           "fork": false,
2019-11-18T14:22:47.6186865Z           "forks": 0,
2019-11-18T14:22:47.6187004Z           "forks_count": 0,
2019-11-18T14:22:47.6187188Z           "forks_url": "https://api.github.com/repos/propalparolnapervom/test_dir/forks",
2019-11-18T14:22:47.6187378Z           "full_name": "propalparolnapervom/test_dir",
2019-11-18T14:22:47.6187568Z           "git_commits_url": "https://api.github.com/repos/propalparolnapervom/test_dir/git/commits{/sha}",
2019-11-18T14:22:47.6187764Z           "git_refs_url": "https://api.github.com/repos/propalparolnapervom/test_dir/git/refs{/sha}",
2019-11-18T14:22:47.6187977Z           "git_tags_url": "https://api.github.com/repos/propalparolnapervom/test_dir/git/tags{/sha}",
2019-11-18T14:22:47.6188168Z           "git_url": "git://github.com/propalparolnapervom/test_dir.git",
2019-11-18T14:22:47.6188325Z           "has_downloads": true,
2019-11-18T14:22:47.6188453Z           "has_issues": true,
2019-11-18T14:22:47.6188598Z           "has_pages": false,
2019-11-18T14:22:47.6188742Z           "has_projects": true,
2019-11-18T14:22:47.6188884Z           "has_wiki": true,
2019-11-18T14:22:47.6189021Z           "homepage": null,
2019-11-18T14:22:47.6189205Z           "hooks_url": "https://api.github.com/repos/propalparolnapervom/test_dir/hooks",
2019-11-18T14:22:47.6189411Z           "html_url": "https://github.com/propalparolnapervom/test_dir",
2019-11-18T14:22:47.6189785Z           "id": 140974907,
2019-11-18T14:22:47.6189932Z           "issue_comment_url": "https://api.github.com/repos/propalparolnapervom/test_dir/issues/comments{/number}",
2019-11-18T14:22:47.6190128Z           "issue_events_url": "https://api.github.com/repos/propalparolnapervom/test_dir/issues/events{/number}",
2019-11-18T14:22:47.6190317Z           "issues_url": "https://api.github.com/repos/propalparolnapervom/test_dir/issues{/number}",
2019-11-18T14:22:47.6190501Z           "keys_url": "https://api.github.com/repos/propalparolnapervom/test_dir/keys{/key_id}",
2019-11-18T14:22:47.6190687Z           "labels_url": "https://api.github.com/repos/propalparolnapervom/test_dir/labels{/name}",
2019-11-18T14:22:47.6190839Z           "language": "Shell",
2019-11-18T14:22:47.6191002Z           "languages_url": "https://api.github.com/repos/propalparolnapervom/test_dir/languages",
2019-11-18T14:22:47.6191171Z           "license": null,
2019-11-18T14:22:47.6191325Z           "merges_url": "https://api.github.com/repos/propalparolnapervom/test_dir/merges",
2019-11-18T14:22:47.6191516Z           "milestones_url": "https://api.github.com/repos/propalparolnapervom/test_dir/milestones{/number}",
2019-11-18T14:22:47.6191659Z           "mirror_url": null,
2019-11-18T14:22:47.6191789Z           "name": "test_dir",
2019-11-18T14:22:47.6191922Z           "node_id": "MDEwOlJlcG9zaXRvcnkxNDA5NzQ5MDc=",
2019-11-18T14:22:47.6192092Z           "notifications_url": "https://api.github.com/repos/propalparolnapervom/test_dir/notifications{?since,all,participating}",
2019-11-18T14:22:47.6192253Z           "open_issues": 1,
2019-11-18T14:22:47.6192543Z           "open_issues_count": 1,
2019-11-18T14:22:47.6192676Z           "owner": {
2019-11-18T14:22:47.6192970Z             "avatar_url": "https://avatars2.githubusercontent.com/u/37516081?v=4",
2019-11-18T14:22:47.6193249Z             "events_url": "https://api.github.com/users/propalparolnapervom/events{/privacy}",
2019-11-18T14:22:47.6193451Z             "followers_url": "https://api.github.com/users/propalparolnapervom/followers",
2019-11-18T14:22:47.6193646Z             "following_url": "https://api.github.com/users/propalparolnapervom/following{/other_user}",
2019-11-18T14:22:47.6193835Z             "gists_url": "https://api.github.com/users/propalparolnapervom/gists{/gist_id}",
2019-11-18T14:22:47.6193999Z             "gravatar_id": "",
2019-11-18T14:22:47.6194135Z             "html_url": "https://github.com/propalparolnapervom",
2019-11-18T14:22:47.6194291Z             "id": 37516081,
2019-11-18T14:22:47.6194614Z             "login": "propalparolnapervom",
2019-11-18T14:22:47.6194753Z             "node_id": "MDQ6VXNlcjM3NTE2MDgx",
2019-11-18T14:22:47.6194903Z             "organizations_url": "https://api.github.com/users/propalparolnapervom/orgs",
2019-11-18T14:22:47.6195533Z             "received_events_url": "https://api.github.com/users/propalparolnapervom/received_events",
2019-11-18T14:22:47.6195749Z             "repos_url": "https://api.github.com/users/propalparolnapervom/repos",
2019-11-18T14:22:47.6196104Z             "site_admin": false,
2019-11-18T14:22:47.6196298Z             "starred_url": "https://api.github.com/users/propalparolnapervom/starred{/owner}{/repo}",
2019-11-18T14:22:47.6196512Z             "subscriptions_url": "https://api.github.com/users/propalparolnapervom/subscriptions",
2019-11-18T14:22:47.6196696Z             "type": "User",
2019-11-18T14:22:47.6196868Z             "url": "https://api.github.com/users/propalparolnapervom"
2019-11-18T14:22:47.6197024Z           },
2019-11-18T14:22:47.6197166Z           "private": false,
2019-11-18T14:22:47.6197342Z           "pulls_url": "https://api.github.com/repos/propalparolnapervom/test_dir/pulls{/number}",
2019-11-18T14:22:47.6198314Z           "pushed_at": "2019-11-18T14:22:19Z",
2019-11-18T14:22:47.6198514Z           "releases_url": "https://api.github.com/repos/propalparolnapervom/test_dir/releases{/id}",
2019-11-18T14:22:47.6198699Z           "size": 76,
2019-11-18T14:22:47.6198855Z           "ssh_url": "git@github.com:propalparolnapervom/test_dir.git",
2019-11-18T14:22:47.6199012Z           "stargazers_count": 0,
2019-11-18T14:22:47.6199173Z           "stargazers_url": "https://api.github.com/repos/propalparolnapervom/test_dir/stargazers",
2019-11-18T14:22:47.6199388Z           "statuses_url": "https://api.github.com/repos/propalparolnapervom/test_dir/statuses/{sha}",
2019-11-18T14:22:47.6199605Z           "subscribers_url": "https://api.github.com/repos/propalparolnapervom/test_dir/subscribers",
2019-11-18T14:22:47.6199975Z           "subscription_url": "https://api.github.com/repos/propalparolnapervom/test_dir/subscription",
2019-11-18T14:22:47.6200320Z           "svn_url": "https://github.com/propalparolnapervom/test_dir",
2019-11-18T14:22:47.6200494Z           "tags_url": "https://api.github.com/repos/propalparolnapervom/test_dir/tags",
2019-11-18T14:22:47.6200692Z           "teams_url": "https://api.github.com/repos/propalparolnapervom/test_dir/teams",
2019-11-18T14:22:47.6200886Z           "trees_url": "https://api.github.com/repos/propalparolnapervom/test_dir/git/trees{/sha}",
2019-11-18T14:22:47.6201264Z           "updated_at": "2019-11-18T14:21:37Z",
2019-11-18T14:22:47.6201417Z           "url": "https://api.github.com/repos/propalparolnapervom/test_dir",
2019-11-18T14:22:47.6201580Z           "watchers": 0,
2019-11-18T14:22:47.6201713Z           "watchers_count": 0
2019-11-18T14:22:47.6201843Z         },
2019-11-18T14:22:47.6201959Z         "sha": "328dd7645d9d86781b7cf5ca006205da3dce17fc",
2019-11-18T14:22:47.6202098Z         "user": {
2019-11-18T14:22:47.6202270Z           "avatar_url": "https://avatars2.githubusercontent.com/u/37516081?v=4",
2019-11-18T14:22:47.6202474Z           "events_url": "https://api.github.com/users/propalparolnapervom/events{/privacy}",
2019-11-18T14:22:47.6202818Z           "followers_url": "https://api.github.com/users/propalparolnapervom/followers",
2019-11-18T14:22:47.6203020Z           "following_url": "https://api.github.com/users/propalparolnapervom/following{/other_user}",
2019-11-18T14:22:47.6203209Z           "gists_url": "https://api.github.com/users/propalparolnapervom/gists{/gist_id}",
2019-11-18T14:22:47.6203372Z           "gravatar_id": "",
2019-11-18T14:22:47.6203524Z           "html_url": "https://github.com/propalparolnapervom",
2019-11-18T14:22:47.6203661Z           "id": 37516081,
2019-11-18T14:22:47.6203796Z           "login": "propalparolnapervom",
2019-11-18T14:22:47.6203930Z           "node_id": "MDQ6VXNlcjM3NTE2MDgx",
2019-11-18T14:22:47.6204089Z           "organizations_url": "https://api.github.com/users/propalparolnapervom/orgs",
2019-11-18T14:22:47.6204271Z           "received_events_url": "https://api.github.com/users/propalparolnapervom/received_events",
2019-11-18T14:22:47.6204474Z           "repos_url": "https://api.github.com/users/propalparolnapervom/repos",
2019-11-18T14:22:47.6204836Z           "site_admin": false,
2019-11-18T14:22:47.6205012Z           "starred_url": "https://api.github.com/users/propalparolnapervom/starred{/owner}{/repo}",
2019-11-18T14:22:47.6205196Z           "subscriptions_url": "https://api.github.com/users/propalparolnapervom/subscriptions",
2019-11-18T14:22:47.6205366Z           "type": "User",
2019-11-18T14:22:47.6205526Z           "url": "https://api.github.com/users/propalparolnapervom"
2019-11-18T14:22:47.6206036Z         }
2019-11-18T14:22:47.6206170Z       },
2019-11-18T14:22:47.6206312Z       "body": "",
2019-11-18T14:22:47.6206452Z       "changed_files": 1,
2019-11-18T14:22:47.6206595Z       "closed_at": null,
2019-11-18T14:22:47.6206721Z       "comments": 0,
2019-11-18T14:22:47.6206903Z       "comments_url": "https://api.github.com/repos/propalparolnapervom/test_dir/issues/110/comments",
2019-11-18T14:22:47.6207097Z       "commits": 1,
2019-11-18T14:22:47.6207283Z       "commits_url": "https://api.github.com/repos/propalparolnapervom/test_dir/pulls/110/commits",
2019-11-18T14:22:47.6207735Z       "created_at": "2019-11-18T14:22:28Z",
2019-11-18T14:22:47.6207894Z       "deletions": 1,
2019-11-18T14:22:47.6208065Z       "diff_url": "https://github.com/propalparolnapervom/test_dir/pull/110.diff",
2019-11-18T14:22:47.6208241Z       "draft": false,
2019-11-18T14:22:47.6208364Z       "head": {
2019-11-18T14:22:47.6208508Z         "label": "propalparolnapervom:tmp1",
2019-11-18T14:22:47.6208656Z         "ref": "tmp1",
2019-11-18T14:22:47.6208779Z         "repo": {
2019-11-18T14:22:47.6208960Z           "archive_url": "https://api.github.com/repos/propalparolnapervom/test_dir/{archive_format}{/ref}",
2019-11-18T14:22:47.6209311Z           "archived": false,
2019-11-18T14:22:47.6209643Z           "assignees_url": "https://api.github.com/repos/propalparolnapervom/test_dir/assignees{/user}",
2019-11-18T14:22:47.6209846Z           "blobs_url": "https://api.github.com/repos/propalparolnapervom/test_dir/git/blobs{/sha}",
2019-11-18T14:22:47.6210030Z           "branches_url": "https://api.github.com/repos/propalparolnapervom/test_dir/branches{/branch}",
2019-11-18T14:22:47.6210217Z           "clone_url": "https://github.com/propalparolnapervom/test_dir.git",
2019-11-18T14:22:47.6210411Z           "collaborators_url": "https://api.github.com/repos/propalparolnapervom/test_dir/collaborators{/collaborator}",
2019-11-18T14:22:47.6210607Z           "comments_url": "https://api.github.com/repos/propalparolnapervom/test_dir/comments{/number}",
2019-11-18T14:22:47.6210781Z           "commits_url": "https://api.github.com/repos/propalparolnapervom/test_dir/commits{/sha}",
2019-11-18T14:22:47.6210978Z           "compare_url": "https://api.github.com/repos/propalparolnapervom/test_dir/compare/{base}...{head}",
2019-11-18T14:22:47.6211174Z           "contents_url": "https://api.github.com/repos/propalparolnapervom/test_dir/contents/{+path}",
2019-11-18T14:22:47.6211481Z           "contributors_url": "https://api.github.com/repos/propalparolnapervom/test_dir/contributors",
2019-11-18T14:22:47.6211941Z           "created_at": "2018-07-14T20:09:58Z",
2019-11-18T14:22:47.6212074Z           "default_branch": "master",
2019-11-18T14:22:47.6212247Z           "deployments_url": "https://api.github.com/repos/propalparolnapervom/test_dir/deployments",
2019-11-18T14:22:47.6212414Z           "description": null,
2019-11-18T14:22:47.6212547Z           "disabled": false,
2019-11-18T14:22:47.6212691Z           "downloads_url": "https://api.github.com/repos/propalparolnapervom/test_dir/downloads",
2019-11-18T14:22:47.6212884Z           "events_url": "https://api.github.com/repos/propalparolnapervom/test_dir/events",
2019-11-18T14:22:47.6213047Z           "fork": false,
2019-11-18T14:22:47.6213337Z           "forks": 0,
2019-11-18T14:22:47.6213452Z           "forks_count": 0,
2019-11-18T14:22:47.6213616Z           "forks_url": "https://api.github.com/repos/propalparolnapervom/test_dir/forks",
2019-11-18T14:22:47.6213812Z           "full_name": "propalparolnapervom/test_dir",
2019-11-18T14:22:47.6213996Z           "git_commits_url": "https://api.github.com/repos/propalparolnapervom/test_dir/git/commits{/sha}",
2019-11-18T14:22:47.6214181Z           "git_refs_url": "https://api.github.com/repos/propalparolnapervom/test_dir/git/refs{/sha}",
2019-11-18T14:22:47.6214380Z           "git_tags_url": "https://api.github.com/repos/propalparolnapervom/test_dir/git/tags{/sha}",
2019-11-18T14:22:47.6214555Z           "git_url": "git://github.com/propalparolnapervom/test_dir.git",
2019-11-18T14:22:47.6214703Z           "has_downloads": true,
2019-11-18T14:22:47.6214822Z           "has_issues": true,
2019-11-18T14:22:47.6214959Z           "has_pages": false,
2019-11-18T14:22:47.6215093Z           "has_projects": true,
2019-11-18T14:22:47.6215227Z           "has_wiki": true,
2019-11-18T14:22:47.6215344Z           "homepage": null,
2019-11-18T14:22:47.6215507Z           "hooks_url": "https://api.github.com/repos/propalparolnapervom/test_dir/hooks",
2019-11-18T14:22:47.6215892Z           "html_url": "https://github.com/propalparolnapervom/test_dir",
2019-11-18T14:22:47.6216301Z           "id": 140974907,
2019-11-18T14:22:47.6216469Z           "issue_comment_url": "https://api.github.com/repos/propalparolnapervom/test_dir/issues/comments{/number}",
2019-11-18T14:22:47.6216692Z           "issue_events_url": "https://api.github.com/repos/propalparolnapervom/test_dir/issues/events{/number}",
2019-11-18T14:22:47.6216907Z           "issues_url": "https://api.github.com/repos/propalparolnapervom/test_dir/issues{/number}",
2019-11-18T14:22:47.6217115Z           "keys_url": "https://api.github.com/repos/propalparolnapervom/test_dir/keys{/key_id}",
2019-11-18T14:22:47.6217327Z           "labels_url": "https://api.github.com/repos/propalparolnapervom/test_dir/labels{/name}",
2019-11-18T14:22:47.6217520Z           "language": "Shell",
2019-11-18T14:22:47.6217697Z           "languages_url": "https://api.github.com/repos/propalparolnapervom/test_dir/languages",
2019-11-18T14:22:47.6217867Z           "license": null,
2019-11-18T14:22:47.6218052Z           "merges_url": "https://api.github.com/repos/propalparolnapervom/test_dir/merges",
2019-11-18T14:22:47.6218271Z           "milestones_url": "https://api.github.com/repos/propalparolnapervom/test_dir/milestones{/number}",
2019-11-18T14:22:47.6218454Z           "mirror_url": null,
2019-11-18T14:22:47.6218584Z           "name": "test_dir",
2019-11-18T14:22:47.6218734Z           "node_id": "MDEwOlJlcG9zaXRvcnkxNDA5NzQ5MDc=",
2019-11-18T14:22:47.6218929Z           "notifications_url": "https://api.github.com/repos/propalparolnapervom/test_dir/notifications{?since,all,participating}",
2019-11-18T14:22:47.6219116Z           "open_issues": 1,
2019-11-18T14:22:47.6219262Z           "open_issues_count": 1,
2019-11-18T14:22:47.6219392Z           "owner": {
2019-11-18T14:22:47.6219664Z             "avatar_url": "https://avatars2.githubusercontent.com/u/37516081?v=4",
2019-11-18T14:22:47.6219990Z             "events_url": "https://api.github.com/users/propalparolnapervom/events{/privacy}",
2019-11-18T14:22:47.6220562Z             "followers_url": "https://api.github.com/users/propalparolnapervom/followers",
2019-11-18T14:22:47.6220751Z             "following_url": "https://api.github.com/users/propalparolnapervom/following{/other_user}",
2019-11-18T14:22:47.6220950Z             "gists_url": "https://api.github.com/users/propalparolnapervom/gists{/gist_id}",
2019-11-18T14:22:47.6221119Z             "gravatar_id": "",
2019-11-18T14:22:47.6221279Z             "html_url": "https://github.com/propalparolnapervom",
2019-11-18T14:22:47.6221422Z             "id": 37516081,
2019-11-18T14:22:47.6221792Z             "login": "propalparolnapervom",
2019-11-18T14:22:47.6221940Z             "node_id": "MDQ6VXNlcjM3NTE2MDgx",
2019-11-18T14:22:47.6222110Z             "organizations_url": "https://api.github.com/users/propalparolnapervom/orgs",
2019-11-18T14:22:47.6222294Z             "received_events_url": "https://api.github.com/users/propalparolnapervom/received_events",
2019-11-18T14:22:47.6222512Z             "repos_url": "https://api.github.com/users/propalparolnapervom/repos",
2019-11-18T14:22:47.6222681Z             "site_admin": false,
2019-11-18T14:22:47.6223031Z             "starred_url": "https://api.github.com/users/propalparolnapervom/starred{/owner}{/repo}",
2019-11-18T14:22:47.6223205Z             "subscriptions_url": "https://api.github.com/users/propalparolnapervom/subscriptions",
2019-11-18T14:22:47.6223368Z             "type": "User",
2019-11-18T14:22:47.6223526Z             "url": "https://api.github.com/users/propalparolnapervom"
2019-11-18T14:22:47.6223866Z           },
2019-11-18T14:22:47.6223983Z           "private": false,
2019-11-18T14:22:47.6224154Z           "pulls_url": "https://api.github.com/repos/propalparolnapervom/test_dir/pulls{/number}",
2019-11-18T14:22:47.6224627Z           "pushed_at": "2019-11-18T14:22:19Z",
2019-11-18T14:22:47.6224816Z           "releases_url": "https://api.github.com/repos/propalparolnapervom/test_dir/releases{/id}",
2019-11-18T14:22:47.6225154Z           "size": 76,
2019-11-18T14:22:47.6225286Z           "ssh_url": "git@github.com:propalparolnapervom/test_dir.git",
2019-11-18T14:22:47.6225608Z           "stargazers_count": 0,
2019-11-18T14:22:47.6226146Z           "stargazers_url": "https://api.github.com/repos/propalparolnapervom/test_dir/stargazers",
2019-11-18T14:22:47.6226364Z           "statuses_url": "https://api.github.com/repos/propalparolnapervom/test_dir/statuses/{sha}",
2019-11-18T14:22:47.6226558Z           "subscribers_url": "https://api.github.com/repos/propalparolnapervom/test_dir/subscribers",
2019-11-18T14:22:47.6226772Z           "subscription_url": "https://api.github.com/repos/propalparolnapervom/test_dir/subscription",
2019-11-18T14:22:47.6226981Z           "svn_url": "https://github.com/propalparolnapervom/test_dir",
2019-11-18T14:22:47.6227185Z           "tags_url": "https://api.github.com/repos/propalparolnapervom/test_dir/tags",
2019-11-18T14:22:47.6227388Z           "teams_url": "https://api.github.com/repos/propalparolnapervom/test_dir/teams",
2019-11-18T14:22:47.6227613Z           "trees_url": "https://api.github.com/repos/propalparolnapervom/test_dir/git/trees{/sha}",
2019-11-18T14:22:47.6228058Z           "updated_at": "2019-11-18T14:21:37Z",
2019-11-18T14:22:47.6228249Z           "url": "https://api.github.com/repos/propalparolnapervom/test_dir",
2019-11-18T14:22:47.6228433Z           "watchers": 0,
2019-11-18T14:22:47.6228566Z           "watchers_count": 0
2019-11-18T14:22:47.6228715Z         },
2019-11-18T14:22:47.6228860Z         "sha": "2a82f59dffaaee50d99bb11ce7ede9010af4afbd",
2019-11-18T14:22:47.6228997Z         "user": {
2019-11-18T14:22:47.6229186Z           "avatar_url": "https://avatars2.githubusercontent.com/u/37516081?v=4",
2019-11-18T14:22:47.6229565Z           "events_url": "https://api.github.com/users/propalparolnapervom/events{/privacy}",
2019-11-18T14:22:47.6229766Z           "followers_url": "https://api.github.com/users/propalparolnapervom/followers",
2019-11-18T14:22:47.6230158Z           "following_url": "https://api.github.com/users/propalparolnapervom/following{/other_user}",
2019-11-18T14:22:47.6230501Z           "gists_url": "https://api.github.com/users/propalparolnapervom/gists{/gist_id}",
2019-11-18T14:22:47.6230665Z           "gravatar_id": "",
2019-11-18T14:22:47.6230819Z           "html_url": "https://github.com/propalparolnapervom",
2019-11-18T14:22:47.6230974Z           "id": 37516081,
2019-11-18T14:22:47.6231093Z           "login": "propalparolnapervom",
2019-11-18T14:22:47.6231233Z           "node_id": "MDQ6VXNlcjM3NTE2MDgx",
2019-11-18T14:22:47.6231393Z           "organizations_url": "https://api.github.com/users/propalparolnapervom/orgs",
2019-11-18T14:22:47.6231586Z           "received_events_url": "https://api.github.com/users/propalparolnapervom/received_events",
2019-11-18T14:22:47.6231761Z           "repos_url": "https://api.github.com/users/propalparolnapervom/repos",
2019-11-18T14:22:47.6231936Z           "site_admin": false,
2019-11-18T14:22:47.6232273Z           "starred_url": "https://api.github.com/users/propalparolnapervom/starred{/owner}{/repo}",
2019-11-18T14:22:47.6232472Z           "subscriptions_url": "https://api.github.com/users/propalparolnapervom/subscriptions",
2019-11-18T14:22:47.6232622Z           "type": "User",
2019-11-18T14:22:47.6232782Z           "url": "https://api.github.com/users/propalparolnapervom"
2019-11-18T14:22:47.6232945Z         }
2019-11-18T14:22:47.6233078Z       },
2019-11-18T14:22:47.6233215Z       "html_url": "https://github.com/propalparolnapervom/test_dir/pull/110",
2019-11-18T14:22:47.6233381Z       "id": 342181096,
2019-11-18T14:22:47.6233541Z       "issue_url": "https://api.github.com/repos/propalparolnapervom/test_dir/issues/110",
2019-11-18T14:22:47.6233706Z       "labels": [],
2019-11-18T14:22:47.6233822Z       "locked": false,
2019-11-18T14:22:47.6233959Z       "maintainer_can_modify": false,
2019-11-18T14:22:47.6234094Z       "merge_commit_sha": null,
2019-11-18T14:22:47.6234240Z       "mergeable": null,
2019-11-18T14:22:47.6234364Z       "mergeable_state": "unknown",
2019-11-18T14:22:47.6234502Z       "merged": false,
2019-11-18T14:22:47.6234632Z       "merged_at": null,
2019-11-18T14:22:47.6234748Z       "merged_by": null,
2019-11-18T14:22:47.6234885Z       "milestone": null,
2019-11-18T14:22:47.6235020Z       "node_id": "MDExOlB1bGxSZXF1ZXN0MzQyMTgxMDk2",
2019-11-18T14:22:47.6235158Z       "number": 110,
2019-11-18T14:22:47.6235299Z       "patch_url": "https://github.com/propalparolnapervom/test_dir/pull/110.patch",
2019-11-18T14:22:47.6235464Z       "rebaseable": null,
2019-11-18T14:22:47.6235599Z       "requested_reviewers": [],
2019-11-18T14:22:47.6236184Z       "requested_teams": [],
2019-11-18T14:22:47.6236360Z       "review_comment_url": "https://api.github.com/repos/propalparolnapervom/test_dir/pulls/comments{/number}",
2019-11-18T14:22:47.6236546Z       "review_comments": 0,
2019-11-18T14:22:47.6236732Z       "review_comments_url": "https://api.github.com/repos/propalparolnapervom/test_dir/pulls/110/comments",
2019-11-18T14:22:47.6236932Z       "state": "open",
2019-11-18T14:22:47.6237103Z       "statuses_url": "https://api.github.com/repos/propalparolnapervom/test_dir/statuses/2a82f59dffaaee50d99bb11ce7ede9010af4afbd",
2019-11-18T14:22:47.6237292Z       "title": "tmp1",
2019-11-18T14:22:47.6237714Z       "updated_at": "2019-11-18T14:22:28Z",
2019-11-18T14:22:47.6237905Z       "url": "https://api.github.com/repos/propalparolnapervom/test_dir/pulls/110",
2019-11-18T14:22:47.6238085Z       "user": {
2019-11-18T14:22:47.6238258Z         "avatar_url": "https://avatars2.githubusercontent.com/u/37516081?v=4",
2019-11-18T14:22:47.6238483Z         "events_url": "https://api.github.com/users/propalparolnapervom/events{/privacy}",
2019-11-18T14:22:47.6238694Z         "followers_url": "https://api.github.com/users/propalparolnapervom/followers",
2019-11-18T14:22:47.6238904Z         "following_url": "https://api.github.com/users/propalparolnapervom/following{/other_user}",
2019-11-18T14:22:47.6239439Z         "gists_url": "https://api.github.com/users/propalparolnapervom/gists{/gist_id}",
2019-11-18T14:22:47.6239644Z         "gravatar_id": "",
2019-11-18T14:22:47.6239802Z         "html_url": "https://github.com/propalparolnapervom",
2019-11-18T14:22:47.6239959Z         "id": 37516081,
2019-11-18T14:22:47.6240079Z         "login": "propalparolnapervom",
2019-11-18T14:22:47.6240219Z         "node_id": "MDQ6VXNlcjM3NTE2MDgx",
2019-11-18T14:22:47.6240385Z         "organizations_url": "https://api.github.com/users/propalparolnapervom/orgs",
2019-11-18T14:22:47.6240580Z         "received_events_url": "https://api.github.com/users/propalparolnapervom/received_events",
2019-11-18T14:22:47.6240756Z         "repos_url": "https://api.github.com/users/propalparolnapervom/repos",
2019-11-18T14:22:47.6240921Z         "site_admin": false,
2019-11-18T14:22:47.6241090Z         "starred_url": "https://api.github.com/users/propalparolnapervom/starred{/owner}{/repo}",
2019-11-18T14:22:47.6241299Z         "subscriptions_url": "https://api.github.com/users/propalparolnapervom/subscriptions",
2019-11-18T14:22:47.6241458Z         "type": "User",
2019-11-18T14:22:47.6241621Z         "url": "https://api.github.com/users/propalparolnapervom"
2019-11-18T14:22:47.6241944Z       }
2019-11-18T14:22:47.6242071Z     },
2019-11-18T14:22:47.6242181Z     "repository": {
2019-11-18T14:22:47.6242345Z       "archive_url": "https://api.github.com/repos/propalparolnapervom/test_dir/{archive_format}{/ref}",
2019-11-18T14:22:47.6242515Z       "archived": false,
2019-11-18T14:22:47.6242675Z       "assignees_url": "https://api.github.com/repos/propalparolnapervom/test_dir/assignees{/user}",
2019-11-18T14:22:47.6242849Z       "blobs_url": "https://api.github.com/repos/propalparolnapervom/test_dir/git/blobs{/sha}",
2019-11-18T14:22:47.6243046Z       "branches_url": "https://api.github.com/repos/propalparolnapervom/test_dir/branches{/branch}",
2019-11-18T14:22:47.6243297Z       "clone_url": "https://github.com/propalparolnapervom/test_dir.git",
2019-11-18T14:22:47.6243502Z       "collaborators_url": "https://api.github.com/repos/propalparolnapervom/test_dir/collaborators{/collaborator}",
2019-11-18T14:22:47.6243698Z       "comments_url": "https://api.github.com/repos/propalparolnapervom/test_dir/comments{/number}",
2019-11-18T14:22:47.6243870Z       "commits_url": "https://api.github.com/repos/propalparolnapervom/test_dir/commits{/sha}",
2019-11-18T14:22:47.6244063Z       "compare_url": "https://api.github.com/repos/propalparolnapervom/test_dir/compare/{base}...{head}",
2019-11-18T14:22:47.6244256Z       "contents_url": "https://api.github.com/repos/propalparolnapervom/test_dir/contents/{+path}",
2019-11-18T14:22:47.6244445Z       "contributors_url": "https://api.github.com/repos/propalparolnapervom/test_dir/contributors",
2019-11-18T14:22:47.6244824Z       "created_at": "2018-07-14T20:09:58Z",
2019-11-18T14:22:47.6244972Z       "default_branch": "master",
2019-11-18T14:22:47.6245140Z       "deployments_url": "https://api.github.com/repos/propalparolnapervom/test_dir/deployments",
2019-11-18T14:22:47.6245324Z       "description": null,
2019-11-18T14:22:47.6245441Z       "disabled": false,
2019-11-18T14:22:47.6245762Z       "downloads_url": "https://api.github.com/repos/propalparolnapervom/test_dir/downloads",
2019-11-18T14:22:47.6246170Z       "events_url": "https://api.github.com/repos/propalparolnapervom/test_dir/events",
2019-11-18T14:22:47.6246358Z       "fork": false,
2019-11-18T14:22:47.6246481Z       "forks": 0,
2019-11-18T14:22:47.6246623Z       "forks_count": 0,
2019-11-18T14:22:47.6246795Z       "forks_url": "https://api.github.com/repos/propalparolnapervom/test_dir/forks",
2019-11-18T14:22:47.6246978Z       "full_name": "propalparolnapervom/test_dir",
2019-11-18T14:22:47.6247148Z       "git_commits_url": "https://api.github.com/repos/propalparolnapervom/test_dir/git/commits{/sha}",
2019-11-18T14:22:47.6247360Z       "git_refs_url": "https://api.github.com/repos/propalparolnapervom/test_dir/git/refs{/sha}",
2019-11-18T14:22:47.6247807Z       "git_tags_url": "https://api.github.com/repos/propalparolnapervom/test_dir/git/tags{/sha}",
2019-11-18T14:22:47.6248011Z       "git_url": "git://github.com/propalparolnapervom/test_dir.git",
2019-11-18T14:22:47.6248170Z       "has_downloads": true,
2019-11-18T14:22:47.6248298Z       "has_issues": true,
2019-11-18T14:22:47.6248442Z       "has_pages": false,
2019-11-18T14:22:47.6248584Z       "has_projects": true,
2019-11-18T14:22:47.6248727Z       "has_wiki": true,
2019-11-18T14:22:47.6248852Z       "homepage": null,
2019-11-18T14:22:47.6249025Z       "hooks_url": "https://api.github.com/repos/propalparolnapervom/test_dir/hooks",
2019-11-18T14:22:47.6249390Z       "html_url": "https://github.com/propalparolnapervom/test_dir",
2019-11-18T14:22:47.6249617Z       "id": 140974907,
2019-11-18T14:22:47.6249765Z       "issue_comment_url": "https://api.github.com/repos/propalparolnapervom/test_dir/issues/comments{/number}",
2019-11-18T14:22:47.6249965Z       "issue_events_url": "https://api.github.com/repos/propalparolnapervom/test_dir/issues/events{/number}",
2019-11-18T14:22:47.6250250Z       "issues_url": "https://api.github.com/repos/propalparolnapervom/test_dir/issues{/number}",
2019-11-18T14:22:47.6250439Z       "keys_url": "https://api.github.com/repos/propalparolnapervom/test_dir/keys{/key_id}",
2019-11-18T14:22:47.6250610Z       "labels_url": "https://api.github.com/repos/propalparolnapervom/test_dir/labels{/name}",
2019-11-18T14:22:47.6250813Z       "language": "Shell",
2019-11-18T14:22:47.6250976Z       "languages_url": "https://api.github.com/repos/propalparolnapervom/test_dir/languages",
2019-11-18T14:22:47.6251360Z       "license": null,
2019-11-18T14:22:47.6251506Z       "merges_url": "https://api.github.com/repos/propalparolnapervom/test_dir/merges",
2019-11-18T14:22:47.6251894Z       "milestones_url": "https://api.github.com/repos/propalparolnapervom/test_dir/milestones{/number}",
2019-11-18T14:22:47.6252071Z       "mirror_url": null,
2019-11-18T14:22:47.6252222Z       "name": "test_dir",
2019-11-18T14:22:47.6252346Z       "node_id": "MDEwOlJlcG9zaXRvcnkxNDA5NzQ5MDc=",
2019-11-18T14:22:47.6252929Z       "notifications_url": "https://api.github.com/repos/propalparolnapervom/test_dir/notifications{?since,all,participating}",
2019-11-18T14:22:47.6253284Z       "open_issues": 1,
2019-11-18T14:22:47.6253423Z       "open_issues_count": 1,
2019-11-18T14:22:47.6253541Z       "owner": {
2019-11-18T14:22:47.6253715Z         "avatar_url": "https://avatars2.githubusercontent.com/u/37516081?v=4",
2019-11-18T14:22:47.6253922Z         "events_url": "https://api.github.com/users/propalparolnapervom/events{/privacy}",
2019-11-18T14:22:47.6254116Z         "followers_url": "https://api.github.com/users/propalparolnapervom/followers",
2019-11-18T14:22:47.6254308Z         "following_url": "https://api.github.com/users/propalparolnapervom/following{/other_user}",
2019-11-18T14:22:47.6254487Z         "gists_url": "https://api.github.com/users/propalparolnapervom/gists{/gist_id}",
2019-11-18T14:22:47.6254664Z         "gravatar_id": "",
2019-11-18T14:22:47.6254826Z         "html_url": "https://github.com/propalparolnapervom",
2019-11-18T14:22:47.6254985Z         "id": 37516081,
2019-11-18T14:22:47.6255101Z         "login": "propalparolnapervom",
2019-11-18T14:22:47.6255241Z         "node_id": "MDQ6VXNlcjM3NTE2MDgx",
2019-11-18T14:22:47.6255404Z         "organizations_url": "https://api.github.com/users/propalparolnapervom/orgs",
2019-11-18T14:22:47.6255601Z         "received_events_url": "https://api.github.com/users/propalparolnapervom/received_events",
2019-11-18T14:22:47.6256276Z         "repos_url": "https://api.github.com/users/propalparolnapervom/repos",
2019-11-18T14:22:47.6256460Z         "site_admin": false,
2019-11-18T14:22:47.6256641Z         "starred_url": "https://api.github.com/users/propalparolnapervom/starred{/owner}{/repo}",
2019-11-18T14:22:47.6256852Z         "subscriptions_url": "https://api.github.com/users/propalparolnapervom/subscriptions",
2019-11-18T14:22:47.6257111Z         "type": "User",
2019-11-18T14:22:47.6257283Z         "url": "https://api.github.com/users/propalparolnapervom"
2019-11-18T14:22:47.6257511Z       },
2019-11-18T14:22:47.6257663Z       "private": false,
2019-11-18T14:22:47.6257819Z       "pulls_url": "https://api.github.com/repos/propalparolnapervom/test_dir/pulls{/number}",
2019-11-18T14:22:47.6258284Z       "pushed_at": "2019-11-18T14:22:19Z",
2019-11-18T14:22:47.6258477Z       "releases_url": "https://api.github.com/repos/propalparolnapervom/test_dir/releases{/id}",
2019-11-18T14:22:47.6258660Z       "size": 76,
2019-11-18T14:22:47.6258796Z       "ssh_url": "git@github.com:propalparolnapervom/test_dir.git",
2019-11-18T14:22:47.6258953Z       "stargazers_count": 0,
2019-11-18T14:22:47.6259132Z       "stargazers_url": "https://api.github.com/repos/propalparolnapervom/test_dir/stargazers",
2019-11-18T14:22:47.6259642Z       "statuses_url": "https://api.github.com/repos/propalparolnapervom/test_dir/statuses/{sha}",
2019-11-18T14:22:47.6259833Z       "subscribers_url": "https://api.github.com/repos/propalparolnapervom/test_dir/subscribers",
2019-11-18T14:22:47.6260035Z       "subscription_url": "https://api.github.com/repos/propalparolnapervom/test_dir/subscription",
2019-11-18T14:22:47.6260227Z       "svn_url": "https://github.com/propalparolnapervom/test_dir",
2019-11-18T14:22:47.6260526Z       "tags_url": "https://api.github.com/repos/propalparolnapervom/test_dir/tags",
2019-11-18T14:22:47.6260719Z       "teams_url": "https://api.github.com/repos/propalparolnapervom/test_dir/teams",
2019-11-18T14:22:47.6260897Z       "trees_url": "https://api.github.com/repos/propalparolnapervom/test_dir/git/trees{/sha}",
2019-11-18T14:22:47.6261264Z       "updated_at": "2019-11-18T14:21:37Z",
2019-11-18T14:22:47.6261436Z       "url": "https://api.github.com/repos/propalparolnapervom/test_dir",
2019-11-18T14:22:47.6261962Z       "watchers": 0,
2019-11-18T14:22:47.6262082Z       "watchers_count": 0
2019-11-18T14:22:47.6262218Z     },
2019-11-18T14:22:47.6262365Z     "sender": {
2019-11-18T14:22:47.6262544Z       "avatar_url": "https://avatars2.githubusercontent.com/u/37516081?v=4",
2019-11-18T14:22:47.6262750Z       "events_url": "https://api.github.com/users/propalparolnapervom/events{/privacy}",
2019-11-18T14:22:47.6262957Z       "followers_url": "https://api.github.com/users/propalparolnapervom/followers",
2019-11-18T14:22:47.6263159Z       "following_url": "https://api.github.com/users/propalparolnapervom/following{/other_user}",
2019-11-18T14:22:47.6263359Z       "gists_url": "https://api.github.com/users/propalparolnapervom/gists{/gist_id}",
2019-11-18T14:22:47.6263666Z       "gravatar_id": "",
2019-11-18T14:22:47.6263822Z       "html_url": "https://github.com/propalparolnapervom",
2019-11-18T14:22:47.6263982Z       "id": 37516081,
2019-11-18T14:22:47.6264118Z       "login": "propalparolnapervom",
2019-11-18T14:22:47.6264238Z       "node_id": "MDQ6VXNlcjM3NTE2MDgx",
2019-11-18T14:22:47.6264402Z       "organizations_url": "https://api.github.com/users/propalparolnapervom/orgs",
2019-11-18T14:22:47.6264610Z       "received_events_url": "https://api.github.com/users/propalparolnapervom/received_events",
2019-11-18T14:22:47.6264811Z       "repos_url": "https://api.github.com/users/propalparolnapervom/repos",
2019-11-18T14:22:47.6264963Z       "site_admin": false,
2019-11-18T14:22:47.6265132Z       "starred_url": "https://api.github.com/users/propalparolnapervom/starred{/owner}{/repo}",
2019-11-18T14:22:47.6265328Z       "subscriptions_url": "https://api.github.com/users/propalparolnapervom/subscriptions",
2019-11-18T14:22:47.6265497Z       "type": "User",
2019-11-18T14:22:47.6265988Z       "url": "https://api.github.com/users/propalparolnapervom"
2019-11-18T14:22:47.6266176Z     }
2019-11-18T14:22:47.6266315Z   },
2019-11-18T14:22:47.6266456Z   "workspace": "/home/runner/work/test_dir/test_dir",
2019-11-18T14:22:47.6266588Z   "action": "run1",
2019-11-18T14:22:47.6266738Z   "event_path": "/home/runner/work/_temp/_github_workflow/event.json"
2019-11-18T14:22:47.6267023Z }
2019-11-18T14:22:47.6417749Z ##[group]Run echo "$JOB_CONTEXT"
2019-11-18T14:22:47.6417999Z [36;1mecho "$JOB_CONTEXT"[0m
2019-11-18T14:22:47.6459163Z shell: /bin/bash -e {0}
2019-11-18T14:22:47.6459349Z env:
2019-11-18T14:22:47.6459639Z   JOB_CONTEXT: {
  "status": "Success"
}
2019-11-18T14:22:47.6459966Z ##[endgroup]
2019-11-18T14:22:47.6518108Z {
2019-11-18T14:22:47.6518272Z   "status": "Success"
2019-11-18T14:22:47.6518423Z }
2019-11-18T14:22:47.6617158Z ##[group]Run echo "$STEPS_CONTEXT"
2019-11-18T14:22:47.6617376Z [36;1mecho "$STEPS_CONTEXT"[0m
2019-11-18T14:22:47.6645296Z shell: /bin/bash -e {0}
2019-11-18T14:22:47.6645449Z env:
2019-11-18T14:22:47.6645576Z   STEPS_CONTEXT: {}
2019-11-18T14:22:47.6646034Z ##[endgroup]
2019-11-18T14:22:47.6694845Z {}
2019-11-18T14:22:47.6797188Z ##[group]Run echo "$RUNNER_CONTEXT"
2019-11-18T14:22:47.6797403Z [36;1mecho "$RUNNER_CONTEXT"[0m
2019-11-18T14:22:47.6830543Z shell: /bin/bash -e {0}
2019-11-18T14:22:47.6830713Z env:
2019-11-18T14:22:47.6831192Z   RUNNER_CONTEXT: {
  "os": "Linux",
  "tool_cache": "/opt/hostedtoolcache",
  "temp": "/home/runner/work/_temp",
  "workspace": "/home/runner/work/test_dir"
}
2019-11-18T14:22:47.6831528Z ##[endgroup]
2019-11-18T14:22:47.6890370Z {
2019-11-18T14:22:47.6894050Z   "os": "Linux",
2019-11-18T14:22:47.6894372Z   "tool_cache": "/opt/hostedtoolcache",
2019-11-18T14:22:47.6894646Z   "temp": "/home/runner/work/_temp",
2019-11-18T14:22:47.6895282Z   "workspace": "/home/runner/work/test_dir"
2019-11-18T14:22:47.6895570Z }
2019-11-18T14:22:47.6994010Z ##[group]Run echo "$STRATEGY_CONTEXT"
2019-11-18T14:22:47.6994221Z [36;1mecho "$STRATEGY_CONTEXT"[0m
2019-11-18T14:22:47.7025585Z shell: /bin/bash -e {0}
2019-11-18T14:22:47.7025757Z env:
2019-11-18T14:22:47.7025919Z   STRATEGY_CONTEXT: {
  "fail-fast": true,
  "job-index": 0,
  "job-total": 1,
  "max-parallel": 1
}
2019-11-18T14:22:47.7026248Z ##[endgroup]
2019-11-18T14:22:47.7075620Z {
2019-11-18T14:22:47.7077670Z   "fail-fast": true,
2019-11-18T14:22:47.7080252Z   "job-index": 0,
2019-11-18T14:22:47.7081564Z   "job-total": 1,
2019-11-18T14:22:47.7083486Z   "max-parallel": 1
2019-11-18T14:22:47.7083844Z }
2019-11-18T14:22:47.7178226Z ##[group]Run echo "$MATRIX_CONTEXT"
2019-11-18T14:22:47.7178441Z [36;1mecho "$MATRIX_CONTEXT"[0m
2019-11-18T14:22:47.7205751Z shell: /bin/bash -e {0}
2019-11-18T14:22:47.7205883Z env:
2019-11-18T14:22:47.7206369Z   MATRIX_CONTEXT: null
2019-11-18T14:22:47.7206517Z ##[endgroup]
2019-11-18T14:22:47.7254452Z null
2019-11-18T14:22:47.7268182Z Cleaning up orphan processes
